// Jest Snapshot v1, https://goo.gl/fbAQLP

exports[`test basic 1`] = `
<div>
  <form>
    <div
      class="js-verify-code-from-group form-group"
    >
      <label
        class="control-label"
        for="verify-code"
      >
        验证码
         
        <span
          class="text-warning"
        >
          *
        </span>
      </label>
      <div
        class="col-control"
      >
        <div
          class="input-group"
        >
          <input
            class="form-control"
            id="verify-code"
            maxlength="6"
            name="verifyCode"
            placeholder="请输入验证码"
            type="tel"
            value=""
          />
          <span
            class="input-group-append"
          >
            <button
              class="js-verify-code-send btn btn-outline-primary"
              type="button"
            >
              获取验证码
            </button>
          </span>
        </div>
      </div>
    </div>
  </form>
</div>
`;
